ï¿½ï¿½Mode       : DIO
[0;32mI (42) boot.eï¿½ets Jun  8 2016 00:22:57[0m

rst:0x1 (POWERON_RESET),boot:0x13 (SPI_FAST_FLASH_BOOT)
configsip: 0, SPIWP:0xee
clk_drv:0x00,q_drv:0x00,d_drv:0x00,cs0_drv:0x00,hd_drv:0x00,wp_drv:0x00
mode:DIO, clock div:2
load:0x3fff0030,len:6276
load:0x40078000,len:15748
load:0x40080400,len:4
ho 8 tail 4 room 4
load:0x40080404,len:3860
entry 0x4008063c
[0;32mI (31) boot: ESP-IDF v5.4.1 2nd stage bootloader[0m
[0;32mI (31) boot: compile time Aug  1 2025 19:33:38[0m
[0;32mI (31) boot: Multicore bootloader[0m
[0;32mI (32) boot: chip revision: v1.0[0m
[0;32mI (35) boot.esp32: SPI Speed      : 40MHz[0m
[0;32mI (39) boot.esp32: SPI Mode       : DIO[0m
[0;32mI (42) boot.esp32: SPI Flash Size : 2MB[0m
[0;32mI (46) boot: Enabling RNG early entropy source...[0m
[0;32mI (50) boot: Partition Table:[0m
[0;32mI (53) boot: ## Label            Usage          Type ST Offset   Length[0m
[0;32mI (59) boot:  0 nvs              WiFi data        01 02 00009000 00006000[0m
[0;32mI (66) boot:  1 phy_init         RF data          01 01 0000f000 00001000[0m
[0;32mI (72) boot:  2 factory          factory app      00 00 00010000 00100000[0m
[0;32mI (79) boot: End of partition table[0m
[0;32mI (82) esp_image: segment 0: paddr=00010020 vaddr=3f400020 size=0a9c4h ( 43460) map[0m
[0;32mI (104) esp_image: segment 1: paddr=0001a9ec vaddr=3ff80000 size=0001ch (    28) load[0m
[0;32mI (105) esp_image: segment 2: paddr=0001aa10 vaddr=3ffb0000 size=02314h (  8980) load[0m
[0;32mI (112) esp_image: segment 3: paddr=0001cd2c vaddr=40080000 size=032ech ( 13036) load[0m
[0;32mI (121) esp_image: segment 4: paddr=00020020 vaddr=400d0020 size=165f4h ( 91636) map[0m
[0;32mI (155) esp_image: segment 5: paddr=0003661c vaddr=400832ec size=09a2ch ( 39468) load[0m
[0;32mI (176) boot: Loaded app from partition at offset 0x10000[0m
[0;32mI (176) boot: Disabling RNG early entropy source...[0m
[0;32mI (187) cpu_start: Multicore app[0m
[0;32mI (195) cpu_start: Pro cpu start user code[0m
[0;32mI (195) cpu_start: cpu freq: 160000000 Hz[0m
[0;32mI (195) app_init: Application information:[0m
[0;32mI (195) app_init: Project name:     motor_driver[0m
[0;32mI (200) app_init: App version:      1[0m
[0;32mI (203) app_init: Compile time:     Aug  1 2025 19:17:26[0m
[0;32mI (208) app_init: ELF file SHA256:  874dc2dc6...[0m
[0;32mI (212) app_init: ESP-IDF:          v5.4.1[0m
[0;32mI (216) efuse_init: Min chip rev:     v0.0[0m
[0;32mI (220) efuse_init: Max chip rev:     v3.99 [0m
[0;32mI (224) efuse_init: Chip rev:         v1.0[0m
[0;32mI (228) heap_init: Initializing. RAM available for dynamic allocation:[0m
[0;32mI (234) heap_init: At 3FFAE6E0 len 00001920 (6 KiB): DRAM[0m
[0;32mI (239) heap_init: At 3FFB2C20 len 0002D3E0 (180 KiB): DRAM[0m
[0;32mI (245) heap_init: At 3FFE0440 len 00003AE0 (14 KiB): D/IRAM[0m
[0;32mI (250) heap_init: At 3FFE4350 len 0001BCB0 (111 KiB): D/IRAM[0m
[0;32mI (255) heap_init: At 4008CD18 len 000132E8 (76 KiB): IRAM[0m
[0;32mI (262) spi_flash: detected chip: generic[0m
[0;32mI (264) spi_flash: flash io: dio[0m
[0;33mW (267) spi_flash: Detected size(4096k) larger than the size in the binary image header(2048k). Using the size in the binary image header.[0m
[0;32mI (280) main_task: Started on CPU0[0m
[0;32mI (290) main_task: Calling app_main()[0m
[0;32mI (290) MCPWM: FORWARD[0m
[0;32mI (1290) MCPWM: STOP[0m
[0;32mI (2290) MCPWM: REVERSE[0m
[0;32mI (3290) MCPWM: Right[0m
[0;32mI (4290) MCPWM: Left[0m
[0;32mI (5290) MCPWM: FORWARD[0m
[0;32mI (6290) MCPWM: STOP[0m
[0;32mI (7290) MCPWM: REVERSE[0m
[0;32mI (8290) MCPWM: Right[0m
[0;32mI (9290) MCPWM: Left[0m
[0;32mI (10290) MCPWM: FORWARD[0m
[0;32mI (11290) MCPWM: STOP[0m
[0;32mI (12290) MCPWM: REVERSE[0m
[0;32mI (13290) MCPWM: Right[0m
[0;32mI (14290) MCPWM: Left[0m
[0;32mI (15290) MCPWM: FORWARD[0m
[0;32mI (16290) MCPWM: STOP[0m
